



Nandy@NK MINGW64 ~/Desktop/batch142
$ git init
Initialized empty Git repository in C:/Users/Nandy/Desktop/batch142/.git/

Nandy@NK MINGW64 ~/Desktop/batch142 (master)
$ git remote add origin "https://github.com/cjcnkolhe/cjc142.git"

Nandy@NK MINGW64 ~/Desktop/batch142 (master)
$ git pull origin master
remote: Enumerating objects: 3, done.
remote: Counting objects: 100% (3/3), done.
remote: Total 3 (delta 0), reused 0 (delta 0), pack-reused 0
Unpacking objects: 100% (3/3), done.
From https://github.com/cjcnkolhe/cjc142
 * branch            master     -> FETCH_HEAD
 * [new branch]      master     -> origin/master

Nandy@NK MINGW64 ~/Desktop/batch142 (master)
$ git add aa.txt

Nandy@NK MINGW64 ~/Desktop/batch142 (master)
$ git commit -m "first commit master"
[master 040ce6c] first commit master
 1 file changed, 1 insertion(+)
 create mode 100644 aa.txt

Nandy@NK MINGW64 ~/Desktop/batch142 (master)
$ git push origin master
Enumerating objects: 4, done.
Counting objects: 100% (4/4), done.
Delta compression using up to 4 threads
Compressing objects: 100% (2/2), done.
Writing objects: 100% (3/3), 280 bytes | 93.00 KiB/s, done.
Total 3 (delta 0), reused 0 (delta 0)
To https://github.com/cjcnkolhe/cjc142.git
   0af1a52..040ce6c  master -> master

Nandy@NK MINGW64 ~/Desktop/batch142 (master)
$ git add bb.txt

Nandy@NK MINGW64 ~/Desktop/batch142 (master)
$ git commit -m "second commit master"
[master 37eeab3] second commit master
 1 file changed, 1 insertion(+)
 create mode 100644 bb.txt

Nandy@NK MINGW64 ~/Desktop/batch142 (master)
$ git push origin master
Enumerating objects: 4, done.
Counting objects: 100% (4/4), done.
Delta compression using up to 4 threads
Compressing objects: 100% (2/2), done.
Writing objects: 100% (3/3), 308 bytes | 51.00 KiB/s, done.
Total 3 (delta 0), reused 0 (delta 0)
To https://github.com/cjcnkolhe/cjc142.git
   040ce6c..37eeab3  master -> master

Nandy@NK MINGW64 ~/Desktop/batch142 (master)
$ git status
On branch master
Untracked files:
  (use "git add <file>..." to include in what will be committed)
        cc.txt

nothing added to commit but untracked files present (use "git add" to track)

Nandy@NK MINGW64 ~/Desktop/batch142 (master)
$ git add cc.txt

Nandy@NK MINGW64 ~/Desktop/batch142 (master)
$ git commit -m "third commit master"
[master 356951e] third commit master
 1 file changed, 1 insertion(+)
 create mode 100644 cc.txt

Nandy@NK MINGW64 ~/Desktop/batch142 (master)
$ git push origin master
Enumerating objects: 4, done.
Counting objects: 100% (4/4), done.
Delta compression using up to 4 threads
Compressing objects: 100% (2/2), done.
Writing objects: 100% (3/3), 274 bytes | 91.00 KiB/s, done.
Total 3 (delta 1), reused 0 (delta 0)
remote: Resolving deltas: 100% (1/1), completed with 1 local object.
To https://github.com/cjcnkolhe/cjc142.git
   37eeab3..356951e  master -> master

Nandy@NK MINGW64 ~/Desktop/batch142 (master)
$ git checkout -b team1
Switched to a new branch 'team1'

Nandy@NK MINGW64 ~/Desktop/batch142 (team1)
$ git status
On branch team1
Untracked files:
  (use "git add <file>..." to include in what will be committed)
        15-02-22_Project_OE_Module--Final/

nothing added to commit but untracked files present (use "git add" to track)

Nandy@NK MINGW64 ~/Desktop/batch142 (team1)
$ git add 15-02-22_Project_OE_Module--Final
warning: LF will be replaced by CRLF in 15-02-22_Project_OE_Module--Final/.gitignore.
The file will have its original line endings in your working directory
warning: LF will be replaced by CRLF in 15-02-22_Project_OE_Module--Final/.mvn/wrapper/maven-wrapper.properties.
The file will have its original line endings in your working directory
warning: LF will be replaced by CRLF in 15-02-22_Project_OE_Module--Final/mvnw.
The file will have its original line endings in your working directory
warning: LF will be replaced by CRLF in 15-02-22_Project_OE_Module--Final/mvnw.cmd.
The file will have its original line endings in your working directory
warning: LF will be replaced by CRLF in 15-02-22_Project_OE_Module--Final/pom.xml.
The file will have its original line endings in your working directory
warning: LF will be replaced by CRLF in 15-02-22_Project_OE_Module--Final/src/main/java/com/cjc/finance/app/Application.java.
The file will have its original line endings in your working directory
warning: LF will be replaced by CRLF in 15-02-22_Project_OE_Module--Final/src/main/java/com/cjc/finance/app/ServletInitializer.java.
The file will have its original line endings in your working directory
warning: LF will be replaced by CRLF in 15-02-22_Project_OE_Module--Final/src/test/java/com/cjc/finance/app/ApplicationTests.java.
The file will have its original line endings in your working directory

Nandy@NK MINGW64 ~/Desktop/batch142 (team1)
$ git commit -m "OE commit"
[team1 5aa4ccd] OE commit
 30 files changed, 1433 insertions(+)
 create mode 100644 15-02-22_Project_OE_Module--Final/.gitignore
 create mode 100644 15-02-22_Project_OE_Module--Final/.mvn/wrapper/maven-wrapper.jar
 create mode 100644 15-02-22_Project_OE_Module--Final/.mvn/wrapper/maven-wrapper.properties
 create mode 100644 15-02-22_Project_OE_Module--Final/mvnw
 create mode 100644 15-02-22_Project_OE_Module--Final/mvnw.cmd
 create mode 100644 15-02-22_Project_OE_Module--Final/pom.xml
 create mode 100644 15-02-22_Project_OE_Module--Final/src/main/java/com/cjc/finance/app/Application.java
 create mode 100644 15-02-22_Project_OE_Module--Final/src/main/java/com/cjc/finance/app/ServletInitializer.java
 create mode 100644 15-02-22_Project_OE_Module--Final/src/main/java/com/cjc/finance/app/controller/OEController.java
 create mode 100644 15-02-22_Project_OE_Module--Final/src/main/java/com/cjc/finance/app/model/CibilCheck.java
 create mode 100644 15-02-22_Project_OE_Module--Final/src/main/java/com/cjc/finance/app/model/CibilRequest.java
 create mode 100644 15-02-22_Project_OE_Module--Final/src/main/java/com/cjc/finance/app/model/CibilScoreStatus.java
 create mode 100644 15-02-22_Project_OE_Module--Final/src/main/java/com/cjc/finance/app/model/DocumentDetails.java
 create mode 100644 15-02-22_Project_OE_Module--Final/src/main/java/com/cjc/finance/app/model/DocumentRequest.java
 create mode 100644 15-02-22_Project_OE_Module--Final/src/main/java/com/cjc/finance/app/model/GuarantorDetails.java
 create mode 100644 15-02-22_Project_OE_Module--Final/src/main/java/com/cjc/finance/app/model/LoanSanctionDetails.java
 create mode 100644 15-02-22_Project_OE_Module--Final/src/main/java/com/cjc/finance/app/model/PreviousLoanDetails.java
 create mode 100644 15-02-22_Project_OE_Module--Final/src/main/java/com/cjc/finance/app/model/ProfileOE.java
 create mode 100644 15-02-22_Project_OE_Module--Final/src/main/java/com/cjc/finance/app/model/RegisterApplication.java
 create mode 100644 15-02-22_Project_OE_Module--Final/src/main/java/com/cjc/finance/app/model/RegisterCustomer.java
 create mode 100644 15-02-22_Project_OE_Module--Final/src/main/java/com/cjc/finance/app/model/ThirdpartyCibil.java
 create mode 100644 15-02-22_Project_OE_Module--Final/src/main/java/com/cjc/finance/app/model/VehicleDetails.java
 create mode 100644 15-02-22_Project_OE_Module--Final/src/main/java/com/cjc/finance/app/repository/DocumentDetailsRepository.java
 create mode 100644 15-02-22_Project_OE_Module--Final/src/main/java/com/cjc/finance/app/repository/OERepository.java
 create mode 100644 15-02-22_Project_OE_Module--Final/src/main/java/com/cjc/finance/app/repository/RegisterApplicationRepository.java
 create mode 100644 15-02-22_Project_OE_Module--Final/src/main/java/com/cjc/finance/app/repository/ThirdPartyRepository.java
 create mode 100644 15-02-22_Project_OE_Module--Final/src/main/java/com/cjc/finance/app/service/OEServiceI.java
 create mode 100644 15-02-22_Project_OE_Module--Final/src/main/java/com/cjc/finance/app/serviceImpl/OEServiceImpl.java
 create mode 100644 15-02-22_Project_OE_Module--Final/src/main/resources/application.properties
 create mode 100644 15-02-22_Project_OE_Module--Final/src/test/java/com/cjc/finance/app/ApplicationTests.java

Nandy@NK MINGW64 ~/Desktop/batch142 (team1)
$ git push origin team1
Enumerating objects: 55, done.
Counting objects: 100% (55/55), done.
Delta compression using up to 4 threads
Compressing objects: 100% (40/40), done.
Writing objects: 100% (54/54), 65.78 KiB | 552.00 KiB/s, done.
Total 54 (delta 11), reused 0 (delta 0)
remote: Resolving deltas: 100% (11/11), done.
remote:
remote: Create a pull request for 'team1' on GitHub by visiting:
remote:      https://github.com/cjcnkolhe/cjc142/pull/new/team1
remote:
To https://github.com/cjcnkolhe/cjc142.git
 * [new branch]      team1 -> team1

Nandy@NK MINGW64 ~/Desktop/batch142 (team1)
$ git checkout master
Switched to branch 'master'

Nandy@NK MINGW64 ~/Desktop/batch142 (master)
$ git checkout team1
Switched to branch 'team1'

Nandy@NK MINGW64 ~/Desktop/batch142 (team1)
$ git checkout master
Switched to branch 'master'

Nandy@NK MINGW64 ~/Desktop/batch142 (master)
$ git checkout -b team2
Switched to a new branch 'team2'

Nandy@NK MINGW64 ~/Desktop/batch142 (team2)
$ git add RE

Nandy@NK MINGW64 ~/Desktop/batch142 (team2)
$ git commit -m "RE commit"
[team2 8c77014] RE commit
 1 file changed, 1 insertion(+)
 create mode 100644 RE/aa.txt

Nandy@NK MINGW64 ~/Desktop/batch142 (team2)
$ git push oring team2
fatal: 'oring' does not appear to be a git repository
fatal: Could not read from remote repository.

Please make sure you have the correct access rights
and the repository exists.

Nandy@NK MINGW64 ~/Desktop/batch142 (team2)
$ git push origin team2
Enumerating objects: 4, done.
Counting objects: 100% (4/4), done.
Delta compression using up to 4 threads
Compressing objects: 100% (2/2), done.
Writing objects: 100% (3/3), 298 bytes | 99.00 KiB/s, done.
Total 3 (delta 1), reused 0 (delta 0)
remote: Resolving deltas: 100% (1/1), completed with 1 local object.
remote:
remote: Create a pull request for 'team2' on GitHub by visiting:
remote:      https://github.com/cjcnkolhe/cjc142/pull/new/team2
remote:
To https://github.com/cjcnkolhe/cjc142.git
 * [new branch]      team2 -> team2

Nandy@NK MINGW64 ~/Desktop/batch142 (team2)
$ git checkout master
Switched to branch 'master'

Nandy@NK MINGW64 ~/Desktop/batch142 (master)
$ git checkout team1
Switched to branch 'team1'

Nandy@NK MINGW64 ~/Desktop/batch142 (team1)
$ git checkout team2
Switched to branch 'team2'

Nandy@NK MINGW64 ~/Desktop/batch142 (team2)
$ git checkout master
Switched to branch 'master'

Nandy@NK MINGW64 ~/Desktop/batch142 (master)
$ git checkout -b team1
fatal: A branch named 'team1' already exists.

Nandy@NK MINGW64 ~/Desktop/batch142 (master)
$ git checkout -b team3
Switched to a new branch 'team3'

Nandy@NK MINGW64 ~/Desktop/batch142 (team3)
$ git add RE_Team3

Nandy@NK MINGW64 ~/Desktop/batch142 (team3)
$ git commit -m "re commit team3"
[team3 41a7c63] re commit team3
 1 file changed, 1 insertion(+)
 create mode 100644 RE_Team3/re.txt

Nandy@NK MINGW64 ~/Desktop/batch142 (team3)
$ git push origin team3
Enumerating objects: 5, done.
Counting objects: 100% (5/5), done.
Delta compression using up to 4 threads
Compressing objects: 100% (2/2), done.
Writing objects: 100% (4/4), 411 bytes | 102.00 KiB/s, done.
Total 4 (delta 0), reused 0 (delta 0)
remote:
remote: Create a pull request for 'team3' on GitHub by visiting:
remote:      https://github.com/cjcnkolhe/cjc142/pull/new/team3
remote:
To https://github.com/cjcnkolhe/cjc142.git
 * [new branch]      team3 -> team3

Nandy@NK MINGW64 ~/Desktop/batch142 (team3)
$ git checkout master
Switched to branch 'master'

Nandy@NK MINGW64 ~/Desktop/batch142 (master)
$ git checkout -b team4
Switched to a new branch 'team4'

Nandy@NK MINGW64 ~/Desktop/batch142 (team4)
$ git status
On branch team4
Untracked files:
  (use "git add <file>..." to include in what will be committed)
        OE_Team4/

nothing added to commit but untracked files present (use "git add" to track)

Nandy@NK MINGW64 ~/Desktop/batch142 (team4)
$ git add OE_Team4

Nandy@NK MINGW64 ~/Desktop/batch142 (team4)
$ git commit -m "OE team4 commit"
[team4 02b2e0d] OE team4 commit
 1 file changed, 1 insertion(+)
 create mode 100644 OE_Team4/bb.txt

Nandy@NK MINGW64 ~/Desktop/batch142 (team4)
$ git push origin team4
Enumerating objects: 4, done.
Counting objects: 100% (4/4), done.
Delta compression using up to 4 threads
Compressing objects: 100% (2/2), done.
Writing objects: 100% (3/3), 309 bytes | 77.00 KiB/s, done.
Total 3 (delta 1), reused 0 (delta 0)
remote: Resolving deltas: 100% (1/1), completed with 1 local object.
remote:
remote: Create a pull request for 'team4' on GitHub by visiting:
remote:      https://github.com/cjcnkolhe/cjc142/pull/new/team4
remote:
To https://github.com/cjcnkolhe/cjc142.git
 * [new branch]      team4 -> team4

Nandy@NK MINGW64 ~/Desktop/batch142 (team4)
$ git checkout master
Switched to branch 'master'

Nandy@NK MINGW64 ~/Desktop/batch142 (master)
$ git checkout team3
Switched to branch 'team3'

Nandy@NK MINGW64 ~/Desktop/batch142 (team3)
$ git checkout team4
Switched to branch 'team4'

Nandy@NK MINGW64 ~/Desktop/batch142 (team4)
$ git checkout master
Switched to branch 'master'

Nandy@NK MINGW64 ~/Desktop/batch142 (master)
$ git merge team4 -m "team4 merge in master"
Updating 356951e..02b2e0d
Fast-forward (no commit created; -m option ignored)
 OE_Team4/bb.txt | 1 +
 1 file changed, 1 insertion(+)
 create mode 100644 OE_Team4/bb.txt

Nandy@NK MINGW64 ~/Desktop/batch142 (master)
$ git push origin master
Total 0 (delta 0), reused 0 (delta 0)
To https://github.com/cjcnkolhe/cjc142.git
   356951e..02b2e0d  master -> master

Nandy@NK MINGW64 ~/Desktop/batch142 (master)






how to clone project

Nandy@NK MINGW64 ~/Desktop/New folder (6)
$ git clone "https://github.com/cjcnkolhe/cjc142.git"
Cloning into 'cjc142'...
remote: Enumerating objects: 19, done.
remote: Counting objects: 100% (19/19), done.
remote: Compressing objects: 100% (9/9), done.
remote: Total 19 (delta 5), reused 13 (delta 2), pack-reused 0
Unpacking objects: 100% (19/19), done.

Nandy@NK MINGW64 ~/Desktop/New folder (6)
